2026-09-16 15:37:51.320: [INFO] CurrentProfilePath: C:\Entwicklung\oop1\.metadata\.plugins\org.eclipse.swt\EBWebView\Default
2026-09-16 15:37:51.320: [INFO] Profiles total count: 1
2026-09-16 15:37:51.320: [INFO] Profile: name=Profile 1 path=C:\Entwicklung\oop1\.metadata\.plugins\org.eclipse.swt\EBWebView\Default lastActive=null
2026-09-16 15:37:51.320: [INFO] LastUsedProfileDir: C:\Entwicklung\oop1\.metadata\.plugins\org.eclipse.swt\EBWebView\Default
2026-09-16 15:37:51.320: [INFO] OnDoneLoading sync enabled: 0
2026-09-16 15:37:51.320: [INFO] BookmarkModelLoaded, ids_reassigned: 0
2026-09-16 15:37:51.320: [INFO] BookmarksLoadDropped droppedNodes=0
2026-09-16 15:37:51.320: [INFO] BookmarksSnapshot Startup total=0 bar=0 other=0 mobile=0 showBar=0 showBarNTP=1
2026-09-16 15:38:00.956: [INFO] BookmarksSnapshot Shutdown total=0 bar=0 other=0 mobile=0 showBar=0 showBarNTP=1
2026-09-16 15:38:01.850: [INFO] CurrentProfilePath: C:\Entwicklung\oop1\.metadata\.plugins\org.eclipse.swt\EBWebView\Default
2026-09-16 15:38:01.850: [INFO] Profiles total count: 1
2026-09-16 15:38:01.850: [INFO] Profile: name=Profile 1 path=C:\Entwicklung\oop1\.metadata\.plugins\org.eclipse.swt\EBWebView\Default lastActive=2026-09-16T15:37:51.825Z
2026-09-16 15:38:01.850: [INFO] LastUsedProfileDir: C:\Entwicklung\oop1\.metadata\.plugins\org.eclipse.swt\EBWebView\Default
2026-09-16 15:38:01.850: [INFO] MostRecentlyActiveProfile: name=Profile 1 path=C:\Entwicklung\oop1\.metadata\.plugins\org.eclipse.swt\EBWebView\Default lastActive=2026-09-16T15:37:51.825Z
2026-09-16 15:38:01.850: [INFO] OnDoneLoading sync enabled: 0
2026-09-16 15:38:01.850: [INFO] BookmarkModelLoaded, ids_reassigned: 0
2026-09-16 15:38:01.850: [INFO] BookmarksLoadDropped droppedNodes=0
2026-09-16 15:38:01.850: [INFO] BookmarksSnapshot Startup total=0 bar=0 other=0 mobile=0 showBar=0 showBarNTP=1
2026-09-16 15:38:27.316: [INFO] BookmarksSnapshot Shutdown total=0 bar=0 other=0 mobile=0 showBar=0 showBarNTP=1
2026-09-16 15:44:48.923: [INFO] CurrentProfilePath: C:\Entwicklung\oop1\.metadata\.plugins\org.eclipse.swt\EBWebView\Default
2026-09-16 15:44:48.923: [INFO] Profiles total count: 1
2026-09-16 15:44:48.923: [INFO] Profile: name=Profile 1 path=C:\Entwicklung\oop1\.metadata\.plugins\org.eclipse.swt\EBWebView\Default lastActive=2026-09-16T15:38:12.709Z
2026-09-16 15:44:48.923: [INFO] LastUsedProfileDir: C:\Entwicklung\oop1\.metadata\.plugins\org.eclipse.swt\EBWebView\Default
2026-09-16 15:44:48.923: [INFO] MostRecentlyActiveProfile: name=Profile 1 path=C:\Entwicklung\oop1\.metadata\.plugins\org.eclipse.swt\EBWebView\Default lastActive=2026-09-16T15:38:12.709Z
2026-09-16 15:44:48.923: [INFO] OnDoneLoading sync enabled: 0
2026-09-16 15:44:48.923: [INFO] BookmarkModelLoaded, ids_reassigned: 0
2026-09-16 15:44:48.923: [INFO] BookmarksLoadDropped droppedNodes=0
2026-09-16 15:44:48.923: [INFO] BookmarksSnapshot Startup total=0 bar=0 other=0 mobile=0 showBar=0 showBarNTP=1
2026-09-16 15:44:53.439: [INFO] BookmarksSnapshot Shutdown total=0 bar=0 other=0 mobile=0 showBar=0 showBarNTP=1
2026-09-16 15:46:00.461: [INFO] CurrentProfilePath: C:\Entwicklung\oop1\.metadata\.plugins\org.eclipse.swt\EBWebView\Default
2026-09-16 15:46:00.461: [INFO] Profiles total count: 1
2026-09-16 15:46:00.461: [INFO] Profile: name=Profile 1 path=C:\Entwicklung\oop1\.metadata\.plugins\org.eclipse.swt\EBWebView\Default lastActive=2026-09-16T15:38:12.709Z
2026-09-16 15:46:00.461: [INFO] LastUsedProfileDir: C:\Entwicklung\oop1\.metadata\.plugins\org.eclipse.swt\EBWebView\Default
2026-09-16 15:46:00.461: [INFO] MostRecentlyActiveProfile: name=Profile 1 path=C:\Entwicklung\oop1\.metadata\.plugins\org.eclipse.swt\EBWebView\Default lastActive=2026-09-16T15:38:12.709Z
2026-09-16 15:46:00.461: [INFO] OnDoneLoading sync enabled: 0
2026-09-16 15:46:00.461: [INFO] BookmarkModelLoaded, ids_reassigned: 0
2026-09-16 15:46:00.461: [INFO] BookmarksLoadDropped droppedNodes=0
2026-09-16 15:46:00.461: [INFO] BookmarksSnapshot Startup total=0 bar=0 other=0 mobile=0 showBar=0 showBarNTP=1
2026-09-16 15:46:07.116: [INFO] BookmarksSnapshot Shutdown total=0 bar=0 other=0 mobile=0 showBar=0 showBarNTP=1
2026-09-16 16:01:16.244: [INFO] CurrentProfilePath: C:\Entwicklung\oop1\.metadata\.plugins\org.eclipse.swt\EBWebView\Default
2026-09-16 16:01:16.244: [INFO] Profiles total count: 1
2026-09-16 16:01:16.244: [INFO] Profile: name=Profile 1 path=C:\Entwicklung\oop1\.metadata\.plugins\org.eclipse.swt\EBWebView\Default lastActive=2026-09-16T15:38:12.709Z
2026-09-16 16:01:16.244: [INFO] LastUsedProfileDir: C:\Entwicklung\oop1\.metadata\.plugins\org.eclipse.swt\EBWebView\Default
2026-09-16 16:01:16.244: [INFO] MostRecentlyActiveProfile: name=Profile 1 path=C:\Entwicklung\oop1\.metadata\.plugins\org.eclipse.swt\EBWebView\Default lastActive=2026-09-16T15:38:12.709Z
2026-09-16 16:01:16.244: [INFO] OnDoneLoading sync enabled: 0
2026-09-16 16:01:16.244: [INFO] BookmarkModelLoaded, ids_reassigned: 0
2026-09-16 16:01:16.244: [INFO] BookmarksLoadDropped droppedNodes=0
2026-09-16 16:01:16.244: [INFO] BookmarksSnapshot Startup total=0 bar=0 other=0 mobile=0 showBar=0 showBarNTP=1
2026-09-16 16:01:23.041: [INFO] BookmarksSnapshot Shutdown total=0 bar=0 other=0 mobile=0 showBar=0 showBarNTP=1
